Verifying dependencies (5/7)Verifying dependencies (6/7)Verifying dependencies (7/7)                            Dependencies ready!
Compiling ...Compiling (1)Compiling (2)Compiling (3)Success! Compiled 3 modules.
